((amount + Sum {getSum = 4.0}) - Sum {getSum = 4.0})