boolExpr4:1:2:
unexpected "valueDate >"
expecting "amount", "date", "description", "false", "true", '"', '(', '+', '-', or digit
