((valueDate > 2018-01-01) && (valueDate <= 2018-10-01))