boolExpr6:1:13:
unexpected "~="
expecting "!=", "==", or "=~"
